I'm sorry, but errors were detected in your script. Please correct the
errors listed below, and try again.


File "game/chapter_1.rpy", line 122: expected statement.
    renpy.music.set_volume('0.3', delay=0, channel='music')
                                                           ^

Ren'Py Version: Ren'Py 6.99.12.2.2029
